Archive member included to satisfy reference by file (symbol)

c:/program files (x86)/atmel/studio/7.0/toolchain/arm/arm-gnu-toolchain/bin/../lib/gcc/arm-none-eabi/6.3.1/thumb/v6-m\libgcc.a(_thumb1_case_uqi.o)
                              gfx.o (__gnu_thumb1_case_uqi)
c:/program files (x86)/atmel/studio/7.0/toolchain/arm/arm-gnu-toolchain/bin/../lib/gcc/arm-none-eabi/6.3.1/thumb/v6-m\libgcc.a(_udivsi3.o)
                              hpl/core/hpl_core_m0plus_base.o (__aeabi_uidiv)
c:/program files (x86)/atmel/studio/7.0/toolchain/arm/arm-gnu-toolchain/bin/../lib/gcc/arm-none-eabi/6.3.1/thumb/v6-m\libgcc.a(_divsi3.o)
                              main.o (__aeabi_idiv)
c:/program files (x86)/atmel/studio/7.0/toolchain/arm/arm-gnu-toolchain/bin/../lib/gcc/arm-none-eabi/6.3.1/thumb/v6-m\libgcc.a(_dvmd_tls.o)
                              c:/program files (x86)/atmel/studio/7.0/toolchain/arm/arm-gnu-toolchain/bin/../lib/gcc/arm-none-eabi/6.3.1/thumb/v6-m\libgcc.a(_udivsi3.o) (__aeabi_idiv0)
c:/program files (x86)/atmel/studio/7.0/toolchain/arm/arm-gnu-toolchain/bin/../lib/gcc/arm-none-eabi/6.3.1/thumb/v6-m\libgcc.a(_aeabi_uldivmod.o)
                              hpl/sercom/hpl_sercom.o (__aeabi_uldivmod)
c:/program files (x86)/atmel/studio/7.0/toolchain/arm/arm-gnu-toolchain/bin/../lib/gcc/arm-none-eabi/6.3.1/thumb/v6-m\libgcc.a(_muldi3.o)
                              hpl/sercom/hpl_sercom.o (__aeabi_lmul)
c:/program files (x86)/atmel/studio/7.0/toolchain/arm/arm-gnu-toolchain/bin/../lib/gcc/arm-none-eabi/6.3.1/thumb/v6-m\libgcc.a(_fixunsdfsi.o)
                              hpl/sercom/hpl_sercom.o (__aeabi_d2uiz)
c:/program files (x86)/atmel/studio/7.0/toolchain/arm/arm-gnu-toolchain/bin/../lib/gcc/arm-none-eabi/6.3.1/thumb/v6-m\libgcc.a(_udivmoddi4.o)
                              c:/program files (x86)/atmel/studio/7.0/toolchain/arm/arm-gnu-toolchain/bin/../lib/gcc/arm-none-eabi/6.3.1/thumb/v6-m\libgcc.a(_aeabi_uldivmod.o) (__udivmoddi4)
c:/program files (x86)/atmel/studio/7.0/toolchain/arm/arm-gnu-toolchain/bin/../lib/gcc/arm-none-eabi/6.3.1/thumb/v6-m\libgcc.a(divdf3.o)
                              hpl/sercom/hpl_sercom.o (__aeabi_ddiv)
c:/program files (x86)/atmel/studio/7.0/toolchain/arm/arm-gnu-toolchain/bin/../lib/gcc/arm-none-eabi/6.3.1/thumb/v6-m\libgcc.a(muldf3.o)
                              hpl/sercom/hpl_sercom.o (__aeabi_dmul)
c:/program files (x86)/atmel/studio/7.0/toolchain/arm/arm-gnu-toolchain/bin/../lib/gcc/arm-none-eabi/6.3.1/thumb/v6-m\libgcc.a(subdf3.o)
                              hpl/sercom/hpl_sercom.o (__aeabi_dsub)
c:/program files (x86)/atmel/studio/7.0/toolchain/arm/arm-gnu-toolchain/bin/../lib/gcc/arm-none-eabi/6.3.1/thumb/v6-m\libgcc.a(fixdfsi.o)
                              c:/program files (x86)/atmel/studio/7.0/toolchain/arm/arm-gnu-toolchain/bin/../lib/gcc/arm-none-eabi/6.3.1/thumb/v6-m\libgcc.a(_fixunsdfsi.o) (__aeabi_d2iz)
c:/program files (x86)/atmel/studio/7.0/toolchain/arm/arm-gnu-toolchain/bin/../lib/gcc/arm-none-eabi/6.3.1/thumb/v6-m\libgcc.a(floatsidf.o)
                              hpl/sercom/hpl_sercom.o (__aeabi_i2d)
c:/program files (x86)/atmel/studio/7.0/toolchain/arm/arm-gnu-toolchain/bin/../lib/gcc/arm-none-eabi/6.3.1/thumb/v6-m\libgcc.a(floatunsidf.o)
                              hpl/sercom/hpl_sercom.o (__aeabi_ui2d)
c:/program files (x86)/atmel/studio/7.0/toolchain/arm/arm-gnu-toolchain/bin/../lib/gcc/arm-none-eabi/6.3.1/thumb/v6-m\libgcc.a(_arm_cmpdf2.o)
                              c:/program files (x86)/atmel/studio/7.0/toolchain/arm/arm-gnu-toolchain/bin/../lib/gcc/arm-none-eabi/6.3.1/thumb/v6-m\libgcc.a(_fixunsdfsi.o) (__aeabi_dcmpge)
c:/program files (x86)/atmel/studio/7.0/toolchain/arm/arm-gnu-toolchain/bin/../lib/gcc/arm-none-eabi/6.3.1/thumb/v6-m\libgcc.a(_clzsi2.o)
                              c:/program files (x86)/atmel/studio/7.0/toolchain/arm/arm-gnu-toolchain/bin/../lib/gcc/arm-none-eabi/6.3.1/thumb/v6-m\libgcc.a(divdf3.o) (__clzsi2)
c:/program files (x86)/atmel/studio/7.0/toolchain/arm/arm-gnu-toolchain/bin/../lib/gcc/arm-none-eabi/6.3.1/thumb/v6-m\libgcc.a(_clzdi2.o)
                              c:/program files (x86)/atmel/studio/7.0/toolchain/arm/arm-gnu-toolchain/bin/../lib/gcc/arm-none-eabi/6.3.1/thumb/v6-m\libgcc.a(_udivmoddi4.o) (__clzdi2)
c:/program files (x86)/atmel/studio/7.0/toolchain/arm/arm-gnu-toolchain/bin/../lib/gcc/arm-none-eabi/6.3.1/thumb/v6-m\libgcc.a(eqdf2.o)
                              c:/program files (x86)/atmel/studio/7.0/toolchain/arm/arm-gnu-toolchain/bin/../lib/gcc/arm-none-eabi/6.3.1/thumb/v6-m\libgcc.a(_arm_cmpdf2.o) (__eqdf2)
c:/program files (x86)/atmel/studio/7.0/toolchain/arm/arm-gnu-toolchain/bin/../lib/gcc/arm-none-eabi/6.3.1/thumb/v6-m\libgcc.a(gedf2.o)
                              c:/program files (x86)/atmel/studio/7.0/toolchain/arm/arm-gnu-toolchain/bin/../lib/gcc/arm-none-eabi/6.3.1/thumb/v6-m\libgcc.a(_arm_cmpdf2.o) (__gedf2)
[...]
Memory Configuration

Name             Origin             Length             Attributes
rom              0x00000000         0x00008000         xr
ram              0x20000000         0x00001000         xrw
*default*        0x00000000         0xffffffff

Linker script and memory map

LOAD c:/program files (x86)/atmel/studio/7.0/toolchain/arm/arm-gnu-toolchain/bin/../lib/gcc/arm-none-eabi/6.3.1/thumb/v6-m/crtfastmath.o
LOAD c:/program files (x86)/atmel/studio/7.0/toolchain/arm/arm-gnu-toolchain/bin/../lib/gcc/arm-none-eabi/6.3.1/thumb/v6-m/crti.o
LOAD c:/program files (x86)/atmel/studio/7.0/toolchain/arm/arm-gnu-toolchain/bin/../lib/gcc/arm-none-eabi/6.3.1/thumb/v6-m/crtbegin.o
LOAD c:/program files (x86)/atmel/studio/7.0/toolchain/arm/arm-gnu-toolchain/bin/../lib/gcc/arm-none-eabi/6.3.1/../../../../arm-none-eabi/lib/thumb/v6-m/crt0.o
LOAD atmel_start.o
LOAD Device_Startup/startup_samd21.o
LOAD Device_Startup/system_samd21.o
LOAD driver_init.o
LOAD examples/driver_examples.o
LOAD hal/src/hal_adc_sync.o
LOAD hal/src/hal_atomic.o
LOAD hal/src/hal_dac_sync.o
LOAD hal/src/hal_delay.o
LOAD hal/src/hal_gpio.o
LOAD hal/src/hal_i2c_m_sync.o
LOAD hal/src/hal_init.o
LOAD hal/src/hal_io.o
LOAD hal/src/hal_sleep.o
LOAD hal/src/hal_timer.o
LOAD hal/src/hal_usart_sync.o
LOAD hal/utils/src/utils_assert.o
LOAD hal/utils/src/utils_event.o
LOAD hal/utils/src/utils_list.o
LOAD hal/utils/src/utils_syscalls.o
LOAD hpl/adc/hpl_adc.o
LOAD hpl/core/hpl_core_m0plus_base.o
LOAD hpl/core/hpl_init.o
LOAD hpl/dac/hpl_dac.o
LOAD hpl/dmac/hpl_dmac.o
LOAD hpl/gclk/hpl_gclk.o
LOAD hpl/pm/hpl_pm.o
LOAD hpl/rtc/hpl_rtc.o
LOAD hpl/sercom/hpl_sercom.o
LOAD hpl/sysctrl/hpl_sysctrl.o
LOAD main.o
LOAD drv_ssd1306.o
LOAD gfx.o
START GROUP
LOAD c:/program files (x86)/atmel/studio/7.0/toolchain/arm/arm-gnu-toolchain/bin/../lib/gcc/arm-none-eabi/6.3.1/../../../../arm-none-eabi/lib/thumb/v6-m\libm.a
END GROUP
START GROUP
LOAD c:/program files (x86)/atmel/studio/7.0/toolchain/arm/arm-gnu-toolchain/bin/../lib/gcc/arm-none-eabi/6.3.1/thumb/v6-m\libgcc.a
LOAD c:/program files (x86)/atmel/studio/7.0/toolchain/arm/arm-gnu-toolchain/bin/../lib/gcc/arm-none-eabi/6.3.1/../../../../arm-none-eabi/lib/thumb/v6-m\libc_nano.a
END GROUP
START GROUP
LOAD c:/program files (x86)/atmel/studio/7.0/toolchain/arm/arm-gnu-toolchain/bin/../lib/gcc/arm-none-eabi/6.3.1/thumb/v6-m\libgcc.a
LOAD c:/program files (x86)/atmel/studio/7.0/toolchain/arm/arm-gnu-toolchain/bin/../lib/gcc/arm-none-eabi/6.3.1/../../../../arm-none-eabi/lib/thumb/v6-m\libc_nano.a
END GROUP
LOAD c:/program files (x86)/atmel/studio/7.0/toolchain/arm/arm-gnu-toolchain/bin/../lib/gcc/arm-none-eabi/6.3.1/thumb/v6-m/crtend.o
LOAD c:/program files (x86)/atmel/studio/7.0/toolchain/arm/arm-gnu-toolchain/bin/../lib/gcc/arm-none-eabi/6.3.1/thumb/v6-m/crtn.o
                0x00000400                STACK_SIZE = DEFINED (STACK_SIZE)?STACK_SIZE:DEFINED (__stack_size__)?__stack_size__:0x400

.text           0x00000000     0x43b0
                0x00000000                . = ALIGN (0x4)
                0x00000000                _sfixed = .
 *(.vectors .vectors.*)
 .vectors       0x00000000       0xb4 Device_Startup/startup_samd21.o
                0x00000000                exception_table
 *(.text .text.* .gnu.linkonce.t.*)
 .text          0x000000b4       0x60 c:/program files (x86)/atmel/studio/7.0/toolchain/arm/arm-gnu-toolchain/bin/../lib/gcc/arm-none-eabi/6.3.1/thumb/v6-m/crtbegin.o
 .text.atmel_start_init
                0x00000114        0xc atmel_start.o
                0x00000114                atmel_start_init
 .text.Dummy_Handler
                0x00000120        0x2 Device_Startup/startup_samd21.o
                0x00000120                SVCall_Handler
                0x00000120                DMAC_Handler
                0x00000120                HardFault_Handler
                0x00000120                AC_Handler
                0x00000120                SysTick_Handler
                0x00000120                PendSV_Handler
                0x00000120                SERCOM1_Handler
                0x00000120                ADC_Handler
                0x00000120                NonMaskableInt_Handler
                0x00000120                TCC1_Handler
                0x00000120                SERCOM2_Handler
                0x00000120                TCC0_Handler
                0x00000120                EIC_Handler
                0x00000120                WDT_Handler
                0x00000120                TC4_Handler
                0x00000120                USB_Handler
                0x00000120                TC3_Handler
                0x00000120                Dummy_Handler
                0x00000120                PM_Handler
                0x00000120                SERCOM5_Handler
                0x00000120                TCC2_Handler
                0x00000120                EVSYS_Handler
                0x00000120                SERCOM3_Handler
                0x00000120                SERCOM4_Handler
                0x00000120                I2S_Handler
                0x00000120                NVMCTRL_Handler
                0x00000120                SERCOM0_Handler
                0x00000120                DAC_Handler
                0x00000120                PTC_Handler
                0x00000120                TC5_Handler
                0x00000120                SYSCTRL_Handler
 *fill*         0x00000122        0x2 
 .text.Reset_Handler
                0x00000124       0xbc Device_Startup/startup_samd21.o
                0x00000124                Reset_Handler
 .text._gpio_set_pin_function
                0x000001e0       0x70 driver_init.o
 .text.gpio_set_pin_direction
                0x00000250       0x84 driver_init.o
 .text.ADC_0_PORT_init
                0x000002d4       0x50 driver_init.o
                0x000002d4                ADC_0_PORT_init
 .text.ADC_0_CLOCK_init
                0x00000324       0x20 driver_init.o
                0x00000324                ADC_0_CLOCK_init
 .text.ADC_0_init
                0x00000344       0x2c driver_init.o
                0x00000344                ADC_0_init
 .text.I2C_0_PORT_init
                0x00000370       0x38 driver_init.o
                0x00000370                I2C_0_PORT_init
 .text.I2C_0_CLOCK_init
                0x000003a8       0x28 driver_init.o
                0x000003a8                I2C_0_CLOCK_init
 .text.I2C_0_init
                0x000003d0       0x28 driver_init.o
                0x000003d0                I2C_0_init
 .text.USART_0_PORT_init
                0x000003f8       0x1c driver_init.o
                0x000003f8                USART_0_PORT_init
 .text.USART_0_CLOCK_init
                0x00000414       0x20 driver_init.o
                0x00000414                USART_0_CLOCK_init
 .text.USART_0_init
                0x00000434       0x2c driver_init.o
                0x00000434                USART_0_init
 .text.DAC_0_PORT_init
                0x00000460       0x20 driver_init.o
                0x00000460                DAC_0_PORT_init
 .text.DAC_0_CLOCK_init
                0x00000480       0x20 driver_init.o
                0x00000480                DAC_0_CLOCK_init
 .text.DAC_0_init
                0x000004a0       0x28 driver_init.o
                0x000004a0                DAC_0_init
 .text.system_init
                0x000004c8      0x138 driver_init.o
                0x000004c8                system_init
 .text.adc_sync_init
                0x00000600        0xc hal/src/hal_adc_sync.o
                0x00000600                adc_sync_init
 .text.adc_sync_enable_channel
                0x0000060c       0x10 hal/src/hal_adc_sync.o
                0x0000060c                adc_sync_enable_channel
 .text.adc_sync_read_channel
                0x0000061c       0x70 hal/src/hal_adc_sync.o
                0x0000061c                adc_sync_read_channel
 .text.adc_sync_set_inputs
                0x0000068c       0x10 hal/src/hal_adc_sync.o
                0x0000068c                adc_sync_set_inputs
 .text.atomic_enter_critical
                0x0000069c        0xe hal/src/hal_atomic.o
                0x0000069c                atomic_enter_critical
 .text.atomic_leave_critical
                0x000006aa        0xc hal/src/hal_atomic.o
                0x000006aa                atomic_leave_critical
 *fill*         0x000006b6        0x2 
 .text.dac_sync_init
                0x000006b8       0x18 hal/src/hal_dac_sync.o
                0x000006b8                dac_sync_init
 .text.delay_ms
                0x000006d0       0x20 hal/src/hal_delay.o
                0x000006d0                delay_ms
 .text.i2c_m_sync_write
                0x000006f0       0x2c hal/src/hal_i2c_m_sync.o
 .text.i2c_m_sync_read
                0x0000071c       0x2c hal/src/hal_i2c_m_sync.o
 .text.i2c_m_sync_init
                0x00000748       0x24 hal/src/hal_i2c_m_sync.o
                0x00000748                i2c_m_sync_init
 .text.i2c_m_sync_enable
                0x0000076c        0xc hal/src/hal_i2c_m_sync.o
                0x0000076c                i2c_m_sync_enable
 .text.i2c_m_sync_set_slaveaddr
                0x00000778       0x12 hal/src/hal_i2c_m_sync.o
                0x00000778                i2c_m_sync_set_slaveaddr
 .text.i2c_m_sync_get_io_descriptor
                0x0000078a        0x8 hal/src/hal_i2c_m_sync.o
                0x0000078a                i2c_m_sync_get_io_descriptor
 .text.io_write
                0x00000792        0x8 hal/src/hal_io.o
                0x00000792                io_write
 *fill*         0x0000079a        0x2 
 .text.timer_add_timer_task
                0x0000079c       0x58 hal/src/hal_timer.o
 .text.timer_process_counted
                0x000007f4       0x60 hal/src/hal_timer.o
 .text.timer_init
                0x00000854       0x1c hal/src/hal_timer.o
                0x00000854                timer_init
 .text.timer_start
                0x00000870       0x24 hal/src/hal_timer.o
                0x00000870                timer_start
 .text.timer_add_task
                0x00000894       0x78 hal/src/hal_timer.o
                0x00000894                timer_add_task
 .text.usart_sync_write
                0x0000090c       0x4c hal/src/hal_usart_sync.o
 .text.usart_sync_read
                0x00000958       0x34 hal/src/hal_usart_sync.o
 .text.usart_sync_init
                0x0000098c       0x24 hal/src/hal_usart_sync.o
                0x0000098c                usart_sync_init
 .text.is_list_element
                0x000009b0       0x10 hal/utils/src/utils_list.o
                0x000009b0                is_list_element
 .text.list_insert_as_head
                0x000009c0        0x8 hal/utils/src/utils_list.o
                0x000009c0                list_insert_as_head
 .text.list_insert_after
                0x000009c8        0x8 hal/utils/src/utils_list.o
                0x000009c8                list_insert_after
 .text.list_remove_head
                0x000009d0        0xe hal/utils/src/utils_list.o
                0x000009d0                list_remove_head
 *fill*         0x000009de        0x2 
 .text._sbrk    0x000009e0       0x20 hal/utils/src/utils_syscalls.o
                0x000009e0                _sbrk
 .text.hri_adc_wait_for_sync
                0x00000a00        0x8 hpl/adc/hpl_adc.o
 .text.hri_adc_write_INPUTCTRL_MUXNEG_bf
                0x00000a08       0x24 hpl/adc/hpl_adc.o
 .text._adc_init
                0x00000a2c       0xa4 hpl/adc/hpl_adc.o
 .text._adc_get_regs.isra.1
                0x00000ad0        0x4 hpl/adc/hpl_adc.o
 .text._adc_sync_init
                0x00000ad4       0x1c hpl/adc/hpl_adc.o
                0x00000ad4                _adc_sync_init
 .text._adc_sync_enable_channel
                0x00000af0        0xc hpl/adc/hpl_adc.o
                0x00000af0                _adc_sync_enable_channel
 .text._adc_sync_get_data_size
                0x00000afc       0x20 hpl/adc/hpl_adc.o
                0x00000afc                _adc_sync_get_data_size
 .text._adc_sync_is_channel_conversion_done
                0x00000b1c        0xa hpl/adc/hpl_adc.o
                0x00000b1c                _adc_sync_is_channel_conversion_done
 *fill*         0x00000b26        0x2 
 .text._adc_sync_convert
                0x00000b28       0x18 hpl/adc/hpl_adc.o
                0x00000b28                _adc_sync_convert
 .text._adc_sync_read_channel_data
                0x00000b40       0x14 hpl/adc/hpl_adc.o
                0x00000b40                _adc_sync_read_channel_data
 .text._adc_sync_set_inputs
                0x00000b54       0x2c hpl/adc/hpl_adc.o
                0x00000b54                _adc_sync_set_inputs
 .text._get_cycles_for_ms
                0x00000b80       0x1c hpl/core/hpl_core_m0plus_base.o
                0x00000b80                _get_cycles_for_ms
 .text._delay_cycles
                0x00000b9c        0x6 hpl/core/hpl_core_m0plus_base.o
                0x00000b9c                _delay_cycles
 *fill*         0x00000ba2        0x2 
 .text._init_chip
                0x00000ba4       0x34 hpl/core/hpl_init.o
                0x00000ba4                _init_chip
 .text.hri_dac_wait_for_sync
                0x00000bd8        0x8 hpl/dac/hpl_dac.o
 .text._dac_init
                0x00000be0       0x40 hpl/dac/hpl_dac.o
 .text._dac_sync_init
                0x00000c20       0x10 hpl/dac/hpl_dac.o
                0x00000c20                _dac_sync_init
 .text._gclk_init_generators_by_fref
                0x00000c30       0x3c hpl/gclk/hpl_gclk.o
                0x00000c30                _gclk_init_generators_by_fref
 .text._pm_init
                0x00000c6c       0x20 hpl/pm/hpl_pm.o
                0x00000c6c                _pm_init
 .text.hri_rtc_wait_for_sync
                0x00000c8c        0x8 hpl/rtc/hpl_rtc.o
 .text._timer_init
                0x00000c94       0x44 hpl/rtc/hpl_rtc.o
                0x00000c94                _timer_init
 .text._timer_start
                0x00000cd8       0x30 hpl/rtc/hpl_rtc.o
                0x00000cd8                _timer_start
 .text._timer_is_started
                0x00000d08       0x18 hpl/rtc/hpl_rtc.o
                0x00000d08                _timer_is_started
 .text._timer_set_irq
                0x00000d20        0x2 hpl/rtc/hpl_rtc.o
                0x00000d20                _timer_set_irq
 .text._rtc_get_timer
                0x00000d22        0x4 hpl/rtc/hpl_rtc.o
                0x00000d22                _rtc_get_timer
 *fill*         0x00000d26        0x2 
 .text.RTC_Handler
                0x00000d28       0x24 hpl/rtc/hpl_rtc.o
                0x00000d28                RTC_Handler
 .text.hri_sercomi2cm_wait_for_sync
                0x00000d4c        0x8 hpl/sercom/hpl_sercom.o
 .text.hri_sercomusart_wait_for_sync
                0x00000d54        0x8 hpl/sercom/hpl_sercom.o
 .text.hri_sercomi2cm_clear_CTRLA_ENABLE_bit
                0x00000d5c       0x18 hpl/sercom/hpl_sercom.o
 .text.hri_sercomusart_clear_CTRLA_ENABLE_bit
                0x00000d74       0x18 hpl/sercom/hpl_sercom.o
 .text._get_i2cm_index
                0x00000d8c       0x14 hpl/sercom/hpl_sercom.o
 .text._i2c_m_enable_implementation
                0x00000da0       0x54 hpl/sercom/hpl_sercom.o
 .text._sercom_i2c_send_stop
                0x00000df4       0x18 hpl/sercom/hpl_sercom.o
 .text._sercom_i2c_sync_analyse_flags
                0x00000e0c      0x188 hpl/sercom/hpl_sercom.o
 .text._i2c_m_sync_init_impl
                0x00000f94       0xb4 hpl/sercom/hpl_sercom.o
 .text._usart_init
                0x00001048       0x68 hpl/sercom/hpl_sercom.o
 .text._usart_sync_init
                0x000010b0       0x10 hpl/sercom/hpl_sercom.o
                0x000010b0                _usart_sync_init
 .text._usart_sync_write_byte
                0x000010c0        0x8 hpl/sercom/hpl_sercom.o
                0x000010c0                _usart_sync_write_byte
 .text._usart_sync_read_byte
                0x000010c8        0x8 hpl/sercom/hpl_sercom.o
                0x000010c8                _usart_sync_read_byte
 .text._usart_sync_is_ready_to_send
                0x000010d0        0xa hpl/sercom/hpl_sercom.o
                0x000010d0                _usart_sync_is_ready_to_send
 .text._usart_sync_is_transmit_done
                0x000010da        0xa hpl/sercom/hpl_sercom.o
                0x000010da                _usart_sync_is_transmit_done
 .text._usart_sync_is_byte_received
                0x000010e4        0xa hpl/sercom/hpl_sercom.o
                0x000010e4                _usart_sync_is_byte_received
 *fill*         0x000010ee        0x2 
 .text._i2c_m_sync_init
                0x000010f0       0x10 hpl/sercom/hpl_sercom.o
                0x000010f0                _i2c_m_sync_init
 .text._i2c_m_sync_enable
                0x00001100       0x10 hpl/sercom/hpl_sercom.o
                0x00001100                _i2c_m_sync_enable
 .text._i2c_m_sync_transfer
                0x00001110      0x154 hpl/sercom/hpl_sercom.o
                0x00001110                _i2c_m_sync_transfer
 .text._sysctrl_init_sources
                0x00001264       0x18 hpl/sysctrl/hpl_sysctrl.o
                0x00001264                _sysctrl_init_sources
 .text._sysctrl_init_referenced_generators
                0x0000127c       0x74 hpl/sysctrl/hpl_sysctrl.o
                0x0000127c                _sysctrl_init_referenced_generators
 .text.TIMER_0_task1_cb
                0x000012f0       0x5c main.o
 .text.startup.main
                0x0000134c      0x2e0 main.o
                0x0000134c                main
 .text.SSD1306_drawPixel
                0x0000162c       0x90 drv_ssd1306.o
                0x0000162c                SSD1306_drawPixel
 .text.SSD1306_setRotation
                0x000016bc        0xc drv_ssd1306.o
                0x000016bc                SSD1306_setRotation
 .text.SSD1306_command
                0x000016c8       0x20 drv_ssd1306.o
                0x000016c8                SSD1306_command
 .text.SSD1306_begin
                0x000016e8       0xc4 drv_ssd1306.o
                0x000016e8                SSD1306_begin
 .text.SSD1306_display
                0x000017ac       0x64 drv_ssd1306.o
                0x000017ac                SSD1306_display
 .text.SSD1306_clearDisplay
                0x00001810       0x18 drv_ssd1306.o
                0x00001810                SSD1306_clearDisplay
 .text.SSD1306_drawFastHLineInternal
                0x00001828       0x80 drv_ssd1306.o
                0x00001828                SSD1306_drawFastHLineInternal
 .text.SSD1306_drawFastVLineInternal
                0x000018a8      0x11c drv_ssd1306.o
                0x000018a8                SSD1306_drawFastVLineInternal
 .text.SSD1306_drawFastHLine
                0x000019c4       0x50 drv_ssd1306.o
                0x000019c4                SSD1306_drawFastHLine
 .text.SSD1306_drawFastVLine
                0x00001a14       0x50 drv_ssd1306.o
                0x00001a14                SSD1306_drawFastVLine
 .text.__get_font
                0x00001a64       0x3c gfx.o
 .text.__write_char.isra.1
                0x00001aa0      0x12c gfx.o
 .text.util_gfx_cursor_area_reset
                0x00001bcc       0x18 gfx.o
                0x00001bcc                util_gfx_cursor_area_reset
 .text.util_gfx_draw_dczia
                0x00001be4      0x198 gfx.o
                0x00001be4                util_gfx_draw_dczia
 .text.util_gfx_font_height
                0x00001d7c       0x14 gfx.o
                0x00001d7c                util_gfx_font_height
 .text.util_gfx_init
                0x00001d90       0x1c gfx.o
                0x00001d90                util_gfx_init
 .text.util_gfx_print
                0x00001dac       0x4c gfx.o
                0x00001dac                util_gfx_print
 .text.util_gfx_set_cursor
                0x00001df8       0x20 gfx.o
                0x00001df8                util_gfx_set_cursor
 .text.util_gfx_set_font
                0x00001e18        0xc gfx.o
                0x00001e18                util_gfx_set_font
 .text          0x00001e24       0x14 c:/program files (x86)/atmel/studio/7.0/toolchain/arm/arm-gnu-toolchain/bin/../lib/gcc/arm-none-eabi/6.3.1/thumb/v6-m\libgcc.a(_thumb1_case_uqi.o)
                0x00001e24                __gnu_thumb1_case_uqi
 .text          0x00001e38      0x114 c:/program files (x86)/atmel/studio/7.0/toolchain/arm/arm-gnu-toolchain/bin/../lib/gcc/arm-none-eabi/6.3.1/thumb/v6-m\libgcc.a(_udivsi3.o)
                0x00001e38                __aeabi_uidiv
                0x00001e38                __udivsi3
                0x00001f44                __aeabi_uidivmod
 .text          0x00001f4c      0x1d4 c:/program files (x86)/atmel/studio/7.0/toolchain/arm/arm-gnu-toolchain/bin/../lib/gcc/arm-none-eabi/6.3.1/thumb/v6-m\libgcc.a(_divsi3.o)
                0x00001f4c                __divsi3
                0x00001f4c                __aeabi_idiv
                0x00002118                __aeabi_idivmod
 .text          0x00002120        0x4 c:/program files (x86)/atmel/studio/7.0/toolchain/arm/arm-gnu-toolchain/bin/../lib/gcc/arm-none-eabi/6.3.1/thumb/v6-m\libgcc.a(_dvmd_tls.o)
                0x00002120                __aeabi_idiv0
                0x00002120                __aeabi_ldiv0
 .text.__libc_init_array
                0x00002124       0x48 c:/program files (x86)/atmel/studio/7.0/toolchain/arm/arm-gnu-toolchain/bin/../lib/gcc/arm-none-eabi/6.3.1/../../../../arm-none-eabi/lib/thumb/v6-m\libc_nano.a(lib_a-init.o)
                0x00002124                __libc_init_array
 .text.memcpy   0x0000216c       0x12 c:/program files (x86)/atmel/studio/7.0/toolchain/arm/arm-gnu-toolchain/bin/../lib/gcc/arm-none-eabi/6.3.1/../../../../arm-none-eabi/lib/thumb/v6-m\libc_nano.a(lib_a-memcpy-stub.o)
                0x0000216c                memcpy
 .text.memset   0x0000217e       0x10 c:/program files (x86)/atmel/studio/7.0/toolchain/arm/arm-gnu-toolchain/bin/../lib/gcc/arm-none-eabi/6.3.1/../../../../arm-none-eabi/lib/thumb/v6-m\libc_nano.a(lib_a-memset.o)
                0x0000217e                memset
 *fill*         0x0000218e        0x2 
 .text.snprintf
                0x00002190       0x64 c:/program files (x86)/atmel/studio/7.0/toolchain/arm/arm-gnu-toolchain/bin/../lib/gcc/arm-none-eabi/6.3.1/../../../../arm-none-eabi/lib/thumb/v6-m\libc_nano.a(lib_a-snprintf.o)
                0x00002190                sniprintf
                0x00002190                snprintf
 .text          0x000021f4        0xe c:/program files (x86)/atmel/studio/7.0/toolchain/arm/arm-gnu-toolchain/bin/../lib/gcc/arm-none-eabi/6.3.1/../../../../arm-none-eabi/lib/thumb/v6-m\libc_nano.a(lib_a-strlen.o)
                0x000021f4                strlen
 *fill*         0x00002202        0x2 
 .text._malloc_r
                0x00002204       0xbc c:/program files (x86)/atmel/studio/7.0/toolchain/arm/arm-gnu-toolchain/bin/../lib/gcc/arm-none-eabi/6.3.1/../../../../arm-none-eabi/lib/thumb/v6-m\libc_nano.a(lib_a-nano-mallocr.o)
                0x00002204                _malloc_r
 .text.__ssputs_r
                0x000022c0       0xc4 c:/program files (x86)/atmel/studio/7.0/toolchain/arm/arm-gnu-toolchain/bin/../lib/gcc/arm-none-eabi/6.3.1/../../../../arm-none-eabi/lib/thumb/v6-m\libc_nano.a(lib_a-nano-svfprintf.o)
                0x000022c0                __ssputs_r
 .text._svfprintf_r
                0x00002384      0x208 c:/program files (x86)/atmel/studio/7.0/toolchain/arm/arm-gnu-toolchain/bin/../lib/gcc/arm-none-eabi/6.3.1/../../../../arm-none-eabi/lib/thumb/v6-m\libc_nano.a(lib_a-nano-svfprintf.o)
                0x00002384                _svfiprintf_r
                0x00002384                _svfprintf_r
 .text._printf_common
                0x0000258c       0xda c:/program files (x86)/atmel/studio/7.0/toolchain/arm/arm-gnu-toolchain/bin/../lib/gcc/arm-none-eabi/6.3.1/../../../../arm-none-eabi/lib/thumb/v6-m\libc_nano.a(lib_a-nano-vfprintf_i.o)
                0x0000258c                _printf_common
 *fill*         0x00002666        0x2 
 .text._printf_i
                0x00002668      0x234 c:/program files (x86)/atmel/studio/7.0/toolchain/arm/arm-gnu-toolchain/bin/../lib/gcc/arm-none-eabi/6.3.1/../../../../arm-none-eabi/lib/thumb/v6-m\libc_nano.a(lib_a-nano-vfprintf_i.o)
                0x00002668                _printf_i
 .text._sbrk_r  0x0000289c       0x24 c:/program files (x86)/atmel/studio/7.0/toolchain/arm/arm-gnu-toolchain/bin/../lib/gcc/arm-none-eabi/6.3.1/../../../../arm-none-eabi/lib/thumb/v6-m\libc_nano.a(lib_a-sbrkr.o)
                0x0000289c                _sbrk_r
 .text.memchr   0x000028c0       0x16 c:/program files (x86)/atmel/studio/7.0/toolchain/arm/arm-gnu-toolchain/bin/../lib/gcc/arm-none-eabi/6.3.1/../../../../arm-none-eabi/lib/thumb/v6-m\libc_nano.a(lib_a-memchr-stub.o)
                0x000028c0                memchr
 .text.memmove  0x000028d6       0x24 c:/program files (x86)/atmel/studio/7.0/toolchain/arm/arm-gnu-toolchain/bin/../lib/gcc/arm-none-eabi/6.3.1/../../../../arm-none-eabi/lib/thumb/v6-m\libc_nano.a(lib_a-memmove.o)
                0x000028d6                memmove
 .text.__malloc_lock
                0x000028fa        0x2 c:/program files (x86)/atmel/studio/7.0/toolchain/arm/arm-gnu-toolchain/bin/../lib/gcc/arm-none-eabi/6.3.1/../../../../arm-none-eabi/lib/thumb/v6-m\libc_nano.a(lib_a-mlock.o)
                0x000028fa                __malloc_lock
 .text.__malloc_unlock
                0x000028fc        0x2 c:/program files (x86)/atmel/studio/7.0/toolchain/arm/arm-gnu-toolchain/bin/../lib/gcc/arm-none-eabi/6.3.1/../../../../arm-none-eabi/lib/thumb/v6-m\libc_nano.a(lib_a-mlock.o)
                0x000028fc                __malloc_unlock
 *fill*         0x000028fe        0x2 
 .text._free_r  0x00002900       0x94 c:/program files (x86)/atmel/studio/7.0/toolchain/arm/arm-gnu-toolchain/bin/../lib/gcc/arm-none-eabi/6.3.1/../../../../arm-none-eabi/lib/thumb/v6-m\libc_nano.a(lib_a-nano-freer.o)
                0x00002900                _free_r
 .text._realloc_r
                0x00002994       0x4c c:/program files (x86)/atmel/studio/7.0/toolchain/arm/arm-gnu-toolchain/bin/../lib/gcc/arm-none-eabi/6.3.1/../../../../arm-none-eabi/lib/thumb/v6-m\libc_nano.a(lib_a-nano-reallocr.o)
                0x00002994                _realloc_r
 .text._malloc_usable_size_r
                0x000029e0       0x10 c:/program files (x86)/atmel/studio/7.0/toolchain/arm/arm-gnu-toolchain/bin/../lib/gcc/arm-none-eabi/6.3.1/../../../../arm-none-eabi/lib/thumb/v6-m\libc_nano.a(lib_a-nano-msizer.o)
                0x000029e0                _malloc_usable_size_r
 *(.glue_7t)
 .glue_7t       0x000029f0        0x0 linker stubs
 *(.glue_7)
 .glue_7        0x000029f0        0x0 linker stubs
 *(.rodata .rodata* .gnu.linkonce.r.*)
 .rodata        0x000029f0       0x1c hpl/adc/hpl_adc.o
 .rodata        0x00002a0c       0x18 hpl/sercom/hpl_sercom.o
 .rodata.str1.1
                0x00002a24       0x34 main.o
                                 0x38 (size before relaxing)
 .rodata        0x00002a58       0x10 drv_ssd1306.o
 .rodata        0x00002a68     0x1893 gfx.o
                0x00002a68                monof558pt7b
                0x00002a74                Computerfont12pt7b
                0x00002a80                gameplay5pt7b
                0x00002a8c                VeraMono5pt7b
                0x00002a98                VeraMono5pt7bGlyphs
                0x00002d90                VeraMono5pt7bBitmaps
                0x00002f18                gameplay5pt7bGlyphs
                0x00003210                gameplay5pt7bBitmaps
                0x000034b4                monof558pt7bGlyphs
                0x000037ac                monof558pt7bBitmaps
                0x00003a48                Computerfont12pt7bGlyphs
                0x00003d40                Computerfont12pt7bBitmaps
 *fill*         0x000042fb        0x1 
 .rodata.__sf_fake_stderr
                0x000042fc       0x20 c:/program files (x86)/atmel/studio/7.0/toolchain/arm/arm-gnu-toolchain/bin/../lib/gcc/arm-none-eabi/6.3.1/../../../../arm-none-eabi/lib/thumb/v6-m\libc_nano.a(lib_a-findfp.o)
                0x000042fc                __sf_fake_stderr
 .rodata.__sf_fake_stdin
                0x0000431c       0x20 c:/program files (x86)/atmel/studio/7.0/toolchain/arm/arm-gnu-toolchain/bin/../lib/gcc/arm-none-eabi/6.3.1/../../../../arm-none-eabi/lib/thumb/v6-m\libc_nano.a(lib_a-findfp.o)
                0x0000431c                __sf_fake_stdin
 .rodata.__sf_fake_stdout
                0x0000433c       0x20 c:/program files (x86)/atmel/studio/7.0/toolchain/arm/arm-gnu-toolchain/bin/../lib/gcc/arm-none-eabi/6.3.1/../../../../arm-none-eabi/lib/thumb/v6-m\libc_nano.a(lib_a-findfp.o)
                0x0000433c                __sf_fake_stdout
 .rodata._svfprintf_r.str1.1
                0x0000435c       0x11 c:/program files (x86)/atmel/studio/7.0/toolchain/arm/arm-gnu-toolchain/bin/../lib/gcc/arm-none-eabi/6.3.1/../../../../arm-none-eabi/lib/thumb/v6-m\libc_nano.a(lib_a-nano-svfprintf.o)
 .rodata._printf_i.str1.1
                0x0000436d       0x22 c:/program files (x86)/atmel/studio/7.0/toolchain/arm/arm-gnu-toolchain/bin/../lib/gcc/arm-none-eabi/6.3.1/../../../../arm-none-eabi/lib/thumb/v6-m\libc_nano.a(lib_a-nano-vfprintf_i.o)
 *(.ARM.extab* .gnu.linkonce.armextab.*)
                0x00004390                . = ALIGN (0x4)
 *fill*         0x0000438f        0x1 
 *(.init)
 .init          0x00004390        0x4 c:/program files (x86)/atmel/studio/7.0/toolchain/arm/arm-gnu-toolchain/bin/../lib/gcc/arm-none-eabi/6.3.1/thumb/v6-m/crti.o
                0x00004390                _init
 .init          0x00004394        0x8 c:/program files (x86)/atmel/studio/7.0/toolchain/arm/arm-gnu-toolchain/bin/../lib/gcc/arm-none-eabi/6.3.1/thumb/v6-m/crtn.o
                0x0000439c                . = ALIGN (0x4)
                0x0000439c                __preinit_array_start = .
 *(.preinit_array)
                0x0000439c                __preinit_array_end = .
                0x0000439c                . = ALIGN (0x4)
                0x0000439c                __init_array_start = .
 *(SORT(.init_array.*))
 *(.init_array)
 .init_array    0x0000439c        0x4 c:/program files (x86)/atmel/studio/7.0/toolchain/arm/arm-gnu-toolchain/bin/../lib/gcc/arm-none-eabi/6.3.1/thumb/v6-m/crtbegin.o
                0x000043a0                __init_array_end = .
                0x000043a0                . = ALIGN (0x4)
 *crtbegin.o(.ctors)
 *(EXCLUDE_FILE(*crtend.o) .ctors)
 *(SORT(.ctors.*))
 *crtend.o(.ctors)
                0x000043a0                . = ALIGN (0x4)
 *(.fini)
 .fini          0x000043a0        0x4 c:/program files (x86)/atmel/studio/7.0/toolchain/arm/arm-gnu-toolchain/bin/../lib/gcc/arm-none-eabi/6.3.1/thumb/v6-m/crti.o
                0x000043a0                _fini
 .fini          0x000043a4        0x8 c:/program files (x86)/atmel/studio/7.0/toolchain/arm/arm-gnu-toolchain/bin/../lib/gcc/arm-none-eabi/6.3.1/thumb/v6-m/crtn.o
                0x000043ac                . = ALIGN (0x4)
                0x000043ac                __fini_array_start = .
 *(.fini_array)
 .fini_array    0x000043ac        0x4 c:/program files (x86)/atmel/studio/7.0/toolchain/arm/arm-gnu-toolchain/bin/../lib/gcc/arm-none-eabi/6.3.1/thumb/v6-m/crtbegin.o
 *(SORT(.fini_array.*))
                0x000043b0                __fini_array_end = .
 *crtbegin.o(.dtors)
 *(EXCLUDE_FILE(*crtend.o) .dtors)
 *(SORT(.dtors.*))
 *crtend.o(.dtors)
                0x000043b0                . = ALIGN (0x4)
                0x000043b0                _efixed = .
                [!provide]                PROVIDE (__exidx_start, .)

.vfp11_veneer   0x000043b0        0x0
 .vfp11_veneer  0x000043b0        0x0 linker stubs

.v4_bx          0x000043b0        0x0
 .v4_bx         0x000043b0        0x0 linker stubs

.iplt           0x000043b0        0x0
 .iplt          0x000043b0        0x0 c:/program files (x86)/atmel/studio/7.0/toolchain/arm/arm-gnu-toolchain/bin/../lib/gcc/arm-none-eabi/6.3.1/thumb/v6-m/crtbegin.o

.eh_frame       0x000043b0        0x0
 .eh_frame      0x000043b0        0x0 c:/program files (x86)/atmel/studio/7.0/toolchain/arm/arm-gnu-toolchain/bin/../lib/gcc/arm-none-eabi/6.3.1/thumb/v6-m/crtbegin.o

.rel.dyn        0x000043b0        0x0
 .rel.iplt      0x000043b0        0x0 c:/program files (x86)/atmel/studio/7.0/toolchain/arm/arm-gnu-toolchain/bin/../lib/gcc/arm-none-eabi/6.3.1/thumb/v6-m/crtbegin.o

.jcr            0x000043b0        0x0
 .jcr           0x000043b0        0x0 c:/program files (x86)/atmel/studio/7.0/toolchain/arm/arm-gnu-toolchain/bin/../lib/gcc/arm-none-eabi/6.3.1/thumb/v6-m/crtbegin.o

.igot.plt       0x000043b0        0x0
 .igot.plt      0x000043b0        0x0 c:/program files (x86)/atmel/studio/7.0/toolchain/arm/arm-gnu-toolchain/bin/../lib/gcc/arm-none-eabi/6.3.1/thumb/v6-m/crtbegin.o

.ARM.exidx
 *(.ARM.exidx* .gnu.linkonce.armexidx.*)
                [!provide]                PROVIDE (__exidx_end, .)
                0x000043b0                . = ALIGN (0x4)
                0x000043b0                _etext = .

.relocate       0x20000000       0x6c load address 0x000043b0
                0x20000000                . = ALIGN (0x4)
                0x20000000                _srelocate = .
 *(.ramfunc .ramfunc.*)
 *(.data .data.*)
 .data          0x20000000        0x3 main.o
 .data          0x20000003        0x2 gfx.o
 *fill*         0x20000005        0x3 
 .data._impure_ptr
                0x20000008        0x4 c:/program files (x86)/atmel/studio/7.0/toolchain/arm/arm-gnu-toolchain/bin/../lib/gcc/arm-none-eabi/6.3.1/../../../../arm-none-eabi/lib/thumb/v6-m\libc_nano.a(lib_a-impure.o)
                0x20000008                _impure_ptr
 .data.impure_data
                0x2000000c       0x60 c:/program files (x86)/atmel/studio/7.0/toolchain/arm/arm-gnu-toolchain/bin/../lib/gcc/arm-none-eabi/6.3.1/../../../../arm-none-eabi/lib/thumb/v6-m\libc_nano.a(lib_a-impure.o)
                0x2000006c                . = ALIGN (0x4)
                0x2000006c                _erelocate = .

.bss            0x2000006c      0x2bc load address 0x0000441c
                0x2000006c                . = ALIGN (0x4)
                0x2000006c                _sbss = .
                0x2000006c                _szero = .
 *(.bss .bss.*)
 .bss           0x2000006c       0x1c c:/program files (x86)/atmel/studio/7.0/toolchain/arm/arm-gnu-toolchain/bin/../lib/gcc/arm-none-eabi/6.3.1/thumb/v6-m/crtbegin.o
 .bss           0x20000088        0x4 hal/src/hal_delay.o
 .bss           0x2000008c        0x4 hal/utils/src/utils_syscalls.o
 .bss           0x20000090        0x4 hpl/rtc/hpl_rtc.o
 .bss           0x20000094       0x18 main.o
 .bss           0x200000ac      0x201 drv_ssd1306.o
 *fill*         0x200002ad        0x1 
 .bss           0x200002ae        0xd gfx.o
 *fill*         0x200002bb        0x1 
 .bss.__malloc_free_list
                0x200002bc        0x4 c:/program files (x86)/atmel/studio/7.0/toolchain/arm/arm-gnu-toolchain/bin/../lib/gcc/arm-none-eabi/6.3.1/../../../../arm-none-eabi/lib/thumb/v6-m\libc_nano.a(lib_a-nano-mallocr.o)
                0x200002bc                __malloc_free_list
 .bss.__malloc_sbrk_start
                0x200002c0        0x4 c:/program files (x86)/atmel/studio/7.0/toolchain/arm/arm-gnu-toolchain/bin/../lib/gcc/arm-none-eabi/6.3.1/../../../../arm-none-eabi/lib/thumb/v6-m\libc_nano.a(lib_a-nano-mallocr.o)
                0x200002c0                __malloc_sbrk_start
 *(COMMON)
 COMMON         0x200002c4       0x58 driver_init.o
                0x200002c4                ADC_0
                0x200002c8                DAC_0
                0x200002d4                USART_0
                0x200002e0                I2C_0
                0x20000300                TIMER_0
 COMMON         0x2000031c        0x8 drv_ssd1306.o
                0x2000031c                _rotation
                0x20000320                I2C_0_io
 COMMON         0x20000324        0x4 c:/program files (x86)/atmel/studio/7.0/toolchain/arm/arm-gnu-toolchain/bin/../lib/gcc/arm-none-eabi/6.3.1/../../../../arm-none-eabi/lib/thumb/v6-m\libc_nano.a(lib_a-reent.o)
                0x20000324                errno
                0x20000328                . = ALIGN (0x4)
                0x20000328                _ebss = .
                0x20000328                _ezero = .

.stack          0x20000328      0x400 load address 0x000046d8
                0x20000328                . = ALIGN (0x8)
                0x20000328                _sstack = .
                0x20000728                . = (. + STACK_SIZE)
 *fill*         0x20000328      0x400 
                0x20000728                . = ALIGN (0x8)
                0x20000728                _estack = .
                0x20000728                . = ALIGN (0x4)
                0x20000728                _end = .
OUTPUT(thirtyinone.elf elf32-littlearm)

.ARM.attributes
                0x00000000       0x2a
 .ARM.attributes
                0x00000000       0x1e c:/program files (x86)/atmel/studio/7.0/toolchain/arm/arm-gnu-toolchain/bin/../lib/gcc/arm-none-eabi/6.3.1/thumb/v6-m/crti.o
 .ARM.attributes
                0x0000001e       0x2c c:/program files (x86)/atmel/studio/7.0/toolchain/arm/arm-gnu-toolchain/bin/../lib/gcc/arm-none-eabi/6.3.1/thumb/v6-m/crtbegin.o
 .ARM.attributes
                0x0000004a       0x2e atmel_start.o
 .ARM.attributes
                0x00000078       0x2e Device_Startup/startup_samd21.o
 .ARM.attributes
                0x000000a6       0x2e driver_init.o
 .ARM.attributes
                0x000000d4       0x2e hal/src/hal_adc_sync.o
 .ARM.attributes
                0x00000102       0x2e hal/src/hal_atomic.o
 .ARM.attributes
                0x00000130       0x2e hal/src/hal_dac_sync.o
 .ARM.attributes
                0x0000015e       0x2e hal/src/hal_delay.o
 .ARM.attributes
                0x0000018c       0x2e hal/src/hal_i2c_m_sync.o
 .ARM.attributes
                0x000001ba       0x2e hal/src/hal_io.o
 .ARM.attributes
                0x000001e8       0x2e hal/src/hal_timer.o
 .ARM.attributes
                0x00000216       0x2e hal/src/hal_usart_sync.o
 .ARM.attributes
                0x00000244       0x2e hal/utils/src/utils_list.o
 .ARM.attributes
                0x00000272       0x2e hal/utils/src/utils_syscalls.o
 .ARM.attributes
                0x000002a0       0x2e hpl/adc/hpl_adc.o
 .ARM.attributes
                0x000002ce       0x2e hpl/core/hpl_core_m0plus_base.o
 .ARM.attributes
                0x000002fc       0x2e hpl/core/hpl_init.o
 .ARM.attributes
                0x0000032a       0x2e hpl/dac/hpl_dac.o
 .ARM.attributes
                0x00000358       0x2e hpl/gclk/hpl_gclk.o
 .ARM.attributes
                0x00000386       0x2e hpl/pm/hpl_pm.o
 .ARM.attributes
                0x000003b4       0x2e hpl/rtc/hpl_rtc.o
 .ARM.attributes
                0x000003e2       0x2e hpl/sercom/hpl_sercom.o
 .ARM.attributes
                0x00000410       0x2e hpl/sysctrl/hpl_sysctrl.o
 .ARM.attributes
                0x0000043e       0x2e main.o
 .ARM.attributes
                0x0000046c       0x2e drv_ssd1306.o
 .ARM.attributes
                0x0000049a       0x2e gfx.o
 .ARM.attributes
                0x000004c8       0x1e c:/program files (x86)/atmel/studio/7.0/toolchain/arm/arm-gnu-toolchain/bin/../lib/gcc/arm-none-eabi/6.3.1/thumb/v6-m\libgcc.a(_thumb1_case_uqi.o)
 .ARM.attributes
                0x000004e6       0x1e c:/program files (x86)/atmel/studio/7.0/toolchain/arm/arm-gnu-toolchain/bin/../lib/gcc/arm-none-eabi/6.3.1/thumb/v6-m\libgcc.a(_udivsi3.o)
 .ARM.attributes
                0x00000504       0x1e c:/program files (x86)/atmel/studio/7.0/toolchain/arm/arm-gnu-toolchain/bin/../lib/gcc/arm-none-eabi/6.3.1/thumb/v6-m\libgcc.a(_divsi3.o)
 .ARM.attributes
                0x00000522       0x1e c:/program files (x86)/atmel/studio/7.0/toolchain/arm/arm-gnu-toolchain/bin/../lib/gcc/arm-none-eabi/6.3.1/thumb/v6-m\libgcc.a(_dvmd_tls.o)
 .ARM.attributes
                0x00000540       0x2c c:/program files (x86)/atmel/studio/7.0/toolchain/arm/arm-gnu-toolchain/bin/../lib/gcc/arm-none-eabi/6.3.1/../../../../arm-none-eabi/lib/thumb/v6-m\libc_nano.a(lib_a-impure.o)
 .ARM.attributes
                0x0000056c       0x2c c:/program files (x86)/atmel/studio/7.0/toolchain/arm/arm-gnu-toolchain/bin/../lib/gcc/arm-none-eabi/6.3.1/../../../../arm-none-eabi/lib/thumb/v6-m\libc_nano.a(lib_a-init.o)
 .ARM.attributes
                0x00000598       0x2c c:/program files (x86)/atmel/studio/7.0/toolchain/arm/arm-gnu-toolchain/bin/../lib/gcc/arm-none-eabi/6.3.1/../../../../arm-none-eabi/lib/thumb/v6-m\libc_nano.a(lib_a-memcpy-stub.o)
 .ARM.attributes
                0x000005c4       0x2c c:/program files (x86)/atmel/studio/7.0/toolchain/arm/arm-gnu-toolchain/bin/../lib/gcc/arm-none-eabi/6.3.1/../../../../arm-none-eabi/lib/thumb/v6-m\libc_nano.a(lib_a-memset.o)
 .ARM.attributes
                0x000005f0       0x2c c:/program files (x86)/atmel/studio/7.0/toolchain/arm/arm-gnu-toolchain/bin/../lib/gcc/arm-none-eabi/6.3.1/../../../../arm-none-eabi/lib/thumb/v6-m\libc_nano.a(lib_a-snprintf.o)
 .ARM.attributes
                0x0000061c       0x1c c:/program files (x86)/atmel/studio/7.0/toolchain/arm/arm-gnu-toolchain/bin/../lib/gcc/arm-none-eabi/6.3.1/../../../../arm-none-eabi/lib/thumb/v6-m\libc_nano.a(lib_a-strlen.o)
 .ARM.attributes
                0x00000638       0x2c c:/program files (x86)/atmel/studio/7.0/toolchain/arm/arm-gnu-toolchain/bin/../lib/gcc/arm-none-eabi/6.3.1/../../../../arm-none-eabi/lib/thumb/v6-m\libc_nano.a(lib_a-findfp.o)
 .ARM.attributes
                0x00000664       0x2c c:/program files (x86)/atmel/studio/7.0/toolchain/arm/arm-gnu-toolchain/bin/../lib/gcc/arm-none-eabi/6.3.1/../../../../arm-none-eabi/lib/thumb/v6-m\libc_nano.a(lib_a-nano-mallocr.o)
 .ARM.attributes
                0x00000690       0x2c c:/program files (x86)/atmel/studio/7.0/toolchain/arm/arm-gnu-toolchain/bin/../lib/gcc/arm-none-eabi/6.3.1/../../../../arm-none-eabi/lib/thumb/v6-m\libc_nano.a(lib_a-nano-svfprintf.o)
 .ARM.attributes
                0x000006bc       0x2c c:/program files (x86)/atmel/studio/7.0/toolchain/arm/arm-gnu-toolchain/bin/../lib/gcc/arm-none-eabi/6.3.1/../../../../arm-none-eabi/lib/thumb/v6-m\libc_nano.a(lib_a-nano-vfprintf_i.o)
 .ARM.attributes
                0x000006e8       0x2c c:/program files (x86)/atmel/studio/7.0/toolchain/arm/arm-gnu-toolchain/bin/../lib/gcc/arm-none-eabi/6.3.1/../../../../arm-none-eabi/lib/thumb/v6-m\libc_nano.a(lib_a-sbrkr.o)
 .ARM.attributes
                0x00000714       0x2c c:/program files (x86)/atmel/studio/7.0/toolchain/arm/arm-gnu-toolchain/bin/../lib/gcc/arm-none-eabi/6.3.1/../../../../arm-none-eabi/lib/thumb/v6-m\libc_nano.a(lib_a-memchr-stub.o)
 .ARM.attributes
                0x00000740       0x2c c:/program files (x86)/atmel/studio/7.0/toolchain/arm/arm-gnu-toolchain/bin/../lib/gcc/arm-none-eabi/6.3.1/../../../../arm-none-eabi/lib/thumb/v6-m\libc_nano.a(lib_a-memmove.o)
 .ARM.attributes
                0x0000076c       0x2c c:/program files (x86)/atmel/studio/7.0/toolchain/arm/arm-gnu-toolchain/bin/../lib/gcc/arm-none-eabi/6.3.1/../../../../arm-none-eabi/lib/thumb/v6-m\libc_nano.a(lib_a-mlock.o)
 .ARM.attributes
                0x00000798       0x2c c:/program files (x86)/atmel/studio/7.0/toolchain/arm/arm-gnu-toolchain/bin/../lib/gcc/arm-none-eabi/6.3.1/../../../../arm-none-eabi/lib/thumb/v6-m\libc_nano.a(lib_a-nano-freer.o)
 .ARM.attributes
                0x000007c4       0x2c c:/program files (x86)/atmel/studio/7.0/toolchain/arm/arm-gnu-toolchain/bin/../lib/gcc/arm-none-eabi/6.3.1/../../../../arm-none-eabi/lib/thumb/v6-m\libc_nano.a(lib_a-nano-reallocr.o)
 .ARM.attributes
                0x000007f0       0x2c c:/program files (x86)/atmel/studio/7.0/toolchain/arm/arm-gnu-toolchain/bin/../lib/gcc/arm-none-eabi/6.3.1/../../../../arm-none-eabi/lib/thumb/v6-m\libc_nano.a(lib_a-reent.o)
 .ARM.attributes
                0x0000081c       0x2c c:/program files (x86)/atmel/studio/7.0/toolchain/arm/arm-gnu-toolchain/bin/../lib/gcc/arm-none-eabi/6.3.1/../../../../arm-none-eabi/lib/thumb/v6-m\libc_nano.a(lib_a-nano-msizer.o)
 .ARM.attributes
                0x00000848       0x1e c:/program files (x86)/atmel/studio/7.0/toolchain/arm/arm-gnu-toolchain/bin/../lib/gcc/arm-none-eabi/6.3.1/thumb/v6-m/crtn.o

.comment        0x00000000       0x59
 .comment       0x00000000       0x59 atmel_start.o
                                 0x5a (size before relaxing)
 .comment       0x00000059       0x5a Device_Startup/startup_samd21.o
 .comment       0x00000059       0x5a driver_init.o
 .comment       0x00000059       0x5a hal/src/hal_adc_sync.o
 .comment       0x00000059       0x5a hal/src/hal_atomic.o
 .comment       0x00000059       0x5a hal/src/hal_dac_sync.o
 .comment       0x00000059       0x5a hal/src/hal_delay.o
 .comment       0x00000059       0x5a hal/src/hal_i2c_m_sync.o
 .comment       0x00000059       0x5a hal/src/hal_io.o
 .comment       0x00000059       0x5a hal/src/hal_timer.o
 .comment       0x00000059       0x5a hal/src/hal_usart_sync.o
 .comment       0x00000059       0x5a hal/utils/src/utils_list.o
 .comment       0x00000059       0x5a hal/utils/src/utils_syscalls.o
 .comment       0x00000059       0x5a hpl/adc/hpl_adc.o
 .comment       0x00000059       0x5a hpl/core/hpl_core_m0plus_base.o
 .comment       0x00000059       0x5a hpl/core/hpl_init.o
 .comment       0x00000059       0x5a hpl/dac/hpl_dac.o
 .comment       0x00000059       0x5a hpl/gclk/hpl_gclk.o
 .comment       0x00000059       0x5a hpl/pm/hpl_pm.o
 .comment       0x00000059       0x5a hpl/rtc/hpl_rtc.o
 .comment       0x00000059       0x5a hpl/sercom/hpl_sercom.o
 .comment       0x00000059       0x5a hpl/sysctrl/hpl_sysctrl.o
 .comment       0x00000059       0x5a main.o
 .comment       0x00000059       0x5a drv_ssd1306.o
 .comment       0x00000059       0x5a gfx.o

.debug_frame    0x00000000      0x4a0
 .debug_frame   0x00000000       0x20 c:/program files (x86)/atmel/studio/7.0/toolchain/arm/arm-gnu-toolchain/bin/../lib/gcc/arm-none-eabi/6.3.1/thumb/v6-m\libgcc.a(_udivsi3.o)
 .debug_frame   0x00000020       0x20 c:/program files (x86)/atmel/studio/7.0/toolchain/arm/arm-gnu-toolchain/bin/../lib/gcc/arm-none-eabi/6.3.1/thumb/v6-m\libgcc.a(_divsi3.o)
 .debug_frame   0x00000040       0x2c c:/program files (x86)/atmel/studio/7.0/toolchain/arm/arm-gnu-toolchain/bin/../lib/gcc/arm-none-eabi/6.3.1/../../../../arm-none-eabi/lib/thumb/v6-m\libc_nano.a(lib_a-init.o)
 .debug_frame   0x0000006c       0x28 c:/program files (x86)/atmel/studio/7.0/toolchain/arm/arm-gnu-toolchain/bin/../lib/gcc/arm-none-eabi/6.3.1/../../../../arm-none-eabi/lib/thumb/v6-m\libc_nano.a(lib_a-memcpy-stub.o)
 .debug_frame   0x00000094       0x20 c:/program files (x86)/atmel/studio/7.0/toolchain/arm/arm-gnu-toolchain/bin/../lib/gcc/arm-none-eabi/6.3.1/../../../../arm-none-eabi/lib/thumb/v6-m\libc_nano.a(lib_a-memset.o)
 .debug_frame   0x000000b4       0x50 c:/program files (x86)/atmel/studio/7.0/toolchain/arm/arm-gnu-toolchain/bin/../lib/gcc/arm-none-eabi/6.3.1/../../../../arm-none-eabi/lib/thumb/v6-m\libc_nano.a(lib_a-snprintf.o)
 .debug_frame   0x00000104      0x140 c:/program files (x86)/atmel/studio/7.0/toolchain/arm/arm-gnu-toolchain/bin/../lib/gcc/arm-none-eabi/6.3.1/../../../../arm-none-eabi/lib/thumb/v6-m\libc_nano.a(lib_a-findfp.o)
 .debug_frame   0x00000244       0x2c c:/program files (x86)/atmel/studio/7.0/toolchain/arm/arm-gnu-toolchain/bin/../lib/gcc/arm-none-eabi/6.3.1/../../../../arm-none-eabi/lib/thumb/v6-m\libc_nano.a(lib_a-nano-mallocr.o)
 .debug_frame   0x00000270       0x74 c:/program files (x86)/atmel/studio/7.0/toolchain/arm/arm-gnu-toolchain/bin/../lib/gcc/arm-none-eabi/6.3.1/../../../../arm-none-eabi/lib/thumb/v6-m\libc_nano.a(lib_a-nano-svfprintf.o)
 .debug_frame   0x000002e4       0x54 c:/program files (x86)/atmel/studio/7.0/toolchain/arm/arm-gnu-toolchain/bin/../lib/gcc/arm-none-eabi/6.3.1/../../../../arm-none-eabi/lib/thumb/v6-m\libc_nano.a(lib_a-nano-vfprintf_i.o)
 .debug_frame   0x00000338       0x2c c:/program files (x86)/atmel/studio/7.0/toolchain/arm/arm-gnu-toolchain/bin/../lib/gcc/arm-none-eabi/6.3.1/../../../../arm-none-eabi/lib/thumb/v6-m\libc_nano.a(lib_a-sbrkr.o)
 .debug_frame   0x00000364       0x20 c:/program files (x86)/atmel/studio/7.0/toolchain/arm/arm-gnu-toolchain/bin/../lib/gcc/arm-none-eabi/6.3.1/../../../../arm-none-eabi/lib/thumb/v6-m\libc_nano.a(lib_a-memchr-stub.o)
 .debug_frame   0x00000384       0x28 c:/program files (x86)/atmel/studio/7.0/toolchain/arm/arm-gnu-toolchain/bin/../lib/gcc/arm-none-eabi/6.3.1/../../../../arm-none-eabi/lib/thumb/v6-m\libc_nano.a(lib_a-memmove.o)
 .debug_frame   0x000003ac       0x30 c:/program files (x86)/atmel/studio/7.0/toolchain/arm/arm-gnu-toolchain/bin/../lib/gcc/arm-none-eabi/6.3.1/../../../../arm-none-eabi/lib/thumb/v6-m\libc_nano.a(lib_a-mlock.o)
 .debug_frame   0x000003dc       0x2c c:/program files (x86)/atmel/studio/7.0/toolchain/arm/arm-gnu-toolchain/bin/../lib/gcc/arm-none-eabi/6.3.1/../../../../arm-none-eabi/lib/thumb/v6-m\libc_nano.a(lib_a-nano-freer.o)
 .debug_frame   0x00000408       0x30 c:/program files (x86)/atmel/studio/7.0/toolchain/arm/arm-gnu-toolchain/bin/../lib/gcc/arm-none-eabi/6.3.1/../../../../arm-none-eabi/lib/thumb/v6-m\libc_nano.a(lib_a-nano-reallocr.o)
 .debug_frame   0x00000438       0x48 c:/program files (x86)/atmel/studio/7.0/toolchain/arm/arm-gnu-toolchain/bin/../lib/gcc/arm-none-eabi/6.3.1/../../../../arm-none-eabi/lib/thumb/v6-m\libc_nano.a(lib_a-reent.o)
 .debug_frame   0x00000480       0x20 c:/program files (x86)/atmel/studio/7.0/toolchain/arm/arm-gnu-toolchain/bin/../lib/gcc/arm-none-eabi/6.3.1/../../../../arm-none-eabi/lib/thumb/v6-m\libc_nano.a(lib_a-nano-msizer.o)
